


ARM Macro Assembler    Page 1 


    1 00000000         ;This is a simple code
    2 00000000         
    3 00000000                 AREA             SimpleProject,CODE,READONLY
    4 00000000                 ENTRY
    5 00000000                 EXPORT           START
    6 00000000         START
    7 00000000         
    8 00000000 F241 2034       MOV              R0,#0x1234
    9 00000004 F241 2134       MOV              R1,#0x1234
   10 00000008         
   11 00000008 EB00 0601       ADD              R6,R0,R1
   12 0000000C         
   13 0000000C E7FE    STOP    B                STOP
   14 0000000E         
   15 0000000E                 END
Command Line: --debug --xref --diag_suppress=9931 --cpu=Cortex-M4.fp --apcs=int
erwork --depend=.\objects\main.d -o.\objects\main.o -I.\RTE\_Target_1 -IC:\User
s\suraj\AppData\Local\Arm\Packs\ARM\CMSIS\5.6.0\CMSIS\Core\Include -IC:\Users\s
uraj\AppData\Local\Arm\Packs\Keil\STM32F4xx_DFP\2.14.0\Drivers\CMSIS\Device\ST\
STM32F4xx\Include --predefine="__EVAL SETA 1" --predefine="__UVISION_VERSION SE
TA 528" --predefine="_RTE_ SETA 1" --predefine="STM32F446xx SETA 1" --list=.\li
stings\main.lst main.s



ARM Macro Assembler    Page 1 Alphabetic symbol ordering
Relocatable symbols

START 00000000

Symbol: START
   Definitions
      At line 6 in file main.s
   Uses
      At line 5 in file main.s
Comment: START used once
STOP 0000000C

Symbol: STOP
   Definitions
      At line 13 in file main.s
   Uses
      At line 13 in file main.s
Comment: STOP used once
SimpleProject 00000000

Symbol: SimpleProject
   Definitions
      At line 3 in file main.s
   Uses
      None
Comment: SimpleProject unused
3 symbols
338 symbols in table
